2026-05-19 07:10:50 比較ファイル: なし
2026-05-19 07:10:50 【売買代金ランキング取得 開始】
2026-05-19 07:10:50 ChromeDriver install 開始
2026-05-19 07:10:54 重大エラー: Message: session not created: Chrome instance exited. Examine ChromeDriver verbose log to determine the cause.; For documentation on this error, please visit: https://www.selenium.dev/documentation/webdriver/troubleshooting/errors#sessionnotcreatedexception
Stacktrace:
#0 0x561d2a84922a <unknown>
#1 0x561d2a247ab9 <unknown>
#2 0x561d2a285f68 <unknown>
#3 0x561d2a280c99 <unknown>
#4 0x561d2a2d04d6 <unknown>
#5 0x561d2a2cfbbc <unknown>
#6 0x561d2a28f662 <unknown>
#7 0x561d2a290451 <unknown>
#8 0x561d2a80cd8b <unknown>
#9 0x561d2a80fc65 <unknown>
#10 0x561d2a7f9458 <unknown>
#11 0x561d2a8107f0 <unknown>
#12 0x561d2a7e01c0 <unknown>
#13 0x561d2a836168 <unknown>
#14 0x561d2a836305 <unknown>
#15 0x561d2a847c5e <unknown>
#16 0x7f714169caa4 <unknown>
#17 0x7f7141729c6c <unknown>

2026-05-19 07:10:54 比較ファイル保存失敗: name 'first_page_rows_text' is not defined
2026-05-19 07:10:54 処理時間: 3秒
