2026-03-21 18:22:12 比較ファイル: なし
2026-03-21 18:22:12 【データ取得 開始】
2026-03-21 18:22:14 001/025
2026-03-21 18:22:19 エラー: list index out of range
2026-03-21 18:22:19 エラー: list index out of range
2026-03-21 18:22:19 エラー: list index out of range
2026-03-21 18:22:19 エラー: list index out of range
2026-03-21 18:22:19 エラー: list index out of range
2026-03-21 18:22:19 エラー: list index out of range
2026-03-21 18:22:19 エラー: list index out of range
2026-03-21 18:22:19 エラー: list index out of range
2026-03-21 18:22:19 エラー: list index out of range
2026-03-21 18:22:19 エラー: list index out of range
2026-03-21 18:22:19 エラー: list index out of range
2026-03-21 18:22:19 エラー: list index out of range
2026-03-21 18:22:19 エラー: list index out of range
2026-03-21 18:22:19 エラー: list index out of range
2026-03-21 18:22:19 エラー: list index out of range
2026-03-21 18:22:19 エラー: list index out of range
2026-03-21 18:22:19 エラー: list index out of range
2026-03-21 18:22:19 エラー: list index out of range
2026-03-21 18:22:19 002/025
2026-03-21 18:22:23 エラー: list index out of range
2026-03-21 18:22:23 エラー: list index out of range
2026-03-21 18:22:23 エラー: list index out of range
2026-03-21 18:22:23 エラー: list index out of range
2026-03-21 18:22:23 エラー: list index out of range
2026-03-21 18:22:23 エラー: list index out of range
2026-03-21 18:22:23 エラー: list index out of range
2026-03-21 18:22:23 エラー: list index out of range
2026-03-21 18:22:23 エラー: list index out of range
2026-03-21 18:22:23 エラー: list index out of range
2026-03-21 18:22:23 エラー: list index out of range
2026-03-21 18:22:23 エラー: list index out of range
2026-03-21 18:22:23 エラー: list index out of range
2026-03-21 18:22:23 エラー: list index out of range
2026-03-21 18:22:23 エラー: list index out of range
2026-03-21 18:22:23 エラー: list index out of range
2026-03-21 18:22:23 エラー: list index out of range
2026-03-21 18:22:23 エラー: list index out of range
2026-03-21 18:22:23 003/025
2026-03-21 18:22:28 エラー: list index out of range
2026-03-21 18:22:28 エラー: list index out of range
2026-03-21 18:22:28 エラー: list index out of range
2026-03-21 18:22:28 エラー: list index out of range
2026-03-21 18:22:28 エラー: list index out of range
2026-03-21 18:22:28 エラー: list index out of range
2026-03-21 18:22:28 エラー: list index out of range
2026-03-21 18:22:28 エラー: list index out of range
2026-03-21 18:22:28 エラー: list index out of range
2026-03-21 18:22:28 エラー: list index out of range
2026-03-21 18:22:28 エラー: list index out of range
2026-03-21 18:22:28 エラー: list index out of range
2026-03-21 18:22:28 エラー: list index out of range
2026-03-21 18:22:28 エラー: list index out of range
2026-03-21 18:22:28 エラー: list index out of range
2026-03-21 18:22:28 エラー: list index out of range
2026-03-21 18:22:44 ブラウザ終了
2026-03-21 18:23:58 比較ファイル: なし
2026-03-21 18:23:58 【データ取得 開始】
2026-03-21 18:24:01 001/025
2026-03-21 18:24:06 002/025
2026-03-21 18:24:10 003/025
2026-03-21 18:24:14 004/025
2026-03-21 18:24:18 005/025
2026-03-21 18:24:22 006/025
2026-03-21 18:24:26 007/025
2026-03-21 18:24:30 008/025
2026-03-21 18:24:34 009/025
2026-03-21 18:24:39 010/025
2026-03-21 18:24:43 011/025
2026-03-21 18:24:47 012/025
2026-03-21 18:24:52 013/025
2026-03-21 18:24:55 014/025
2026-03-21 18:24:59 015/025
2026-03-21 18:25:03 016/025
2026-03-21 18:25:07 017/025
2026-03-21 18:25:11 018/025
2026-03-21 18:25:16 019/025
2026-03-21 18:25:20 020/025
2026-03-21 18:25:25 021/025
2026-03-21 18:25:29 022/025
2026-03-21 18:25:34 023/025
2026-03-21 18:25:39 024/025
2026-03-21 18:25:43 025/025
2026-03-21 18:25:49 ブラウザ終了
2026-03-21 18:25:49 結合完了: C:\GitHub\kabutan-volume-scraper\output\volume_ranking_merged.csv
2026-03-21 18:25:49 処理時間: 110秒
